these 258 derivations will be built:
  /nix/store/6ivjnm80zz2jp0jqzaaiy40r3yk2c4rx-compose-inference-cluster-amd64-site-packages.drv
  /nix/store/gcji2b77r7y1rmqi5051svaic5lqfysq-compose-inference-cluster-amd64-base.json.drv
  /nix/store/zjbx6n7y5h1b5va5wadrq7xq5z72v8fw-compose-inference-cluster-amd64-customisation-layer.drv
  /nix/store/2f3mphhn8inf27nrlsqb5nrjkvbq5h8q-excludePaths.drv
  /nix/store/3zc2lyaij54wrn04i7ck9awvq64w4438-layers.json.drv
  /nix/store/97n30si5ig3r9aw0wr0qqmsgk1i3hash-compose-inference-cluster-amd64-conf.json.drv
  /nix/store/033vcsa0rflm9qksfyry2y1ppwgnlc0y-stream-compose-inference-cluster-amd64.drv
  /nix/store/fhxrh58a06rn94q06znngd0bmgy6v2dz-compose-model-cache-arm64-site-packages.drv
  /nix/store/7rcw7sx2ma33mfkgjdhnwk0y3r4f1rz1-compose-model-cache-arm64-customisation-layer.drv
  /nix/store/mrd1qg25y8gf44jgysqcmhsk7j5j03ac-compose-model-cache-arm64-base.json.drv
  /nix/store/jdgalh10vcisvasivnfxsl4gnyzbcvw6-excludePaths.drv
  /nix/store/3jiibj37sz92zzvm5k0mzpk289pvzkrz-layers.json.drv
  /nix/store/4qxkx58vv0i8pry4brl0fl8239cwb7sf-compose-model-cache-arm64-conf.json.drv
  /nix/store/1dk2pm2qcl94a1rgq3fp9f3x1ia1wxfx-stream-compose-model-cache-arm64.drv
  /nix/store/03z3qvj7psp7gqwk5vgyv1wj7lv7ny7m-compose-model-cache-arm64.tar.gz.drv
  /nix/store/fb3kmvr4l9d6has2w94hvy6wlagb7xpz-compose-model-endpoint-amd64-site-packages.drv
  /nix/store/l556kw5b0gn0w2r8mqj6iy0blc83clx2-compose-model-endpoint-amd64-customisation-layer.drv
  /nix/store/mwbpy73s0pvamgl052c9arj610hfplnc-compose-model-endpoint-amd64-base.json.drv
  /nix/store/7rfpi3h0h13s8rjya07q1dg5k3188y33-excludePaths.drv
  /nix/store/a2j46hfr2mz12avh10hszkjz09a1cl1n-layers.json.drv
  /nix/store/6nx4zjfcydz9251r5f8i80j5ibicmdci-compose-model-endpoint-amd64-conf.json.drv
  /nix/store/3v86qx6rz0qnxd8j9y8pr6qq7zx96aqw-stream-compose-model-endpoint-amd64.drv
  /nix/store/04f3zf960jls5vm9pfy4d37kay3fk2cb-compose-model-endpoint-amd64.tar.gz.drv
  /nix/store/3gwhja1002mzs9b02dxvd6ln73iri1rd-compose-usages-amd64-site-packages.drv
  /nix/store/08lsx29g9z4dd514ibxhsscmmf7i9vww-compose-usages-amd64-base.json.drv
  /nix/store/2yx3b70lmhj925drab8mm1j0crd6vwdk-compose-serving-stack-arm64-site-packages.drv
  /nix/store/hd52y6ks99jci5qsy0hysj0gjyf00pn6-compose-serving-stack-arm64-base.json.drv
  /nix/store/jcc749qcmfpl2jg6jjrf8rlawgxw83p0-compose-serving-stack-arm64-customisation-layer.drv
  /nix/store/cf1rrbkilb16y52cyarbdbg55ngcmb1l-excludePaths.drv
  /nix/store/89i1gyz98dbkz3mpiyhl43mmny8q54pk-layers.json.drv
  /nix/store/0b5bz3n144xmsp8ph36gkhnmvh242yk6-compose-serving-stack-arm64-conf.json.drv
  /nix/store/d80hy4wfrs3bh6a9vwbfvlaxvwh5h1mk-compose-eks-cluster-amd64-site-packages.drv
  /nix/store/k4i9n5q52pbgxarf96c5blbs2pman9i7-compose-eks-cluster-amd64-base.json.drv
  /nix/store/qgiyilgbmjbimm8vr1zghzw830dv4sg6-compose-eks-cluster-amd64-customisation-layer.drv
  /nix/store/mnn7s09m481jmigk5l4k4fmvx1n1iic3-excludePaths.drv
  /nix/store/0dldlmvi22hhcs6p42vy0nppk8mxxxvv-layers.json.drv
  /nix/store/4bf2clpwn4f6ykkx6asyh7akk4gk034z-compose-vultr-cluster-arm64-site-packages.drv
  /nix/store/ckh2cng4gd8hy70brsn8diz4cf122pfv-compose-vultr-cluster-arm64-base.json.drv
  /nix/store/i7yf27hs34g205iyiyb635l0dh9r73rp-compose-vultr-cluster-arm64-customisation-layer.drv
  /nix/store/0h44lkp3n9hcrjbzdjxkzs196p4bm38p-excludePaths.drv
  /nix/store/0iv5wc9i23g6ki4d6yxhwb83b36q275h-compose-inference-gateway-arm64-site-packages.drv
  /nix/store/18qqsgx5hn5lrdjvblqgl5cj2zz091mi-compose-gke-cluster-arm64-site-packages.drv
  /nix/store/8792kbgk0lr77yr7mn9an2m3p8fjpa5z-compose-model-deployment-amd64-site-packages.drv
  /nix/store/r5y53wc37rzp50xywnrbjk8153mlnnbz-compose-model-deployment-amd64-base.json.drv
  /nix/store/wx1pmjh9ajbycr1riaq57jcmv0nh71kl-compose-model-deployment-amd64-customisation-layer.drv
  /nix/store/19mfrcskgnf94b5bv30vygr2ccbg58k0-excludePaths.drv
  /nix/store/anvxmb3q9s7hzlgnf4ljpkcgvvfn5442-compose-model-service-amd64-site-packages.drv
  /nix/store/kflmsbpj7fs8lj6kyrnk4wngabal16nj-compose-model-service-amd64-customisation-layer.drv
  /nix/store/zgd0hcsd61v1lx161i96qgszqjc398z9-compose-model-service-amd64-base.json.drv
  /nix/store/gxc1lzd6rpglpf91jra1qg7md9lhnzaq-excludePaths.drv
  /nix/store/kiiyfr3qif582v816b63c5252n5rs1ln-layers.json.drv
  /nix/store/v5zx5wl9mibf1gnlsh69x9scp6dsdbns-compose-model-service-amd64-conf.json.drv
  /nix/store/7akg3id0x17y8p3041py3wk16ri3fpqm-stream-compose-model-service-amd64.drv
  /nix/store/1mndag9jhsi6dfdbl1n74nmgc2ppc49f-compose-model-service-amd64.tar.gz.drv
  /nix/store/293x09y05c49997mazm1pp0z40w62zba-compose-model-endpoint-arm64-site-packages.drv
  /nix/store/8a86vlvaxd8kknwdhrsv01wly9kscv5x-compose-model-endpoint-arm64-customisation-layer.drv
  /nix/store/w4qqpkklflhkg6ifsmfd8728lr9dmj9n-compose-model-endpoint-arm64-base.json.drv
  /nix/store/c96mq8pngrmb4b2gciqj2qpv1p5ajd3c-excludePaths.drv
  /nix/store/1x32i0jncv80ahayzbzff2qf6knv0nfd-layers.json.drv
  /nix/store/vfzi840jmqpcmp6a4rsq6jssh72fhicy-compose-model-route-amd64-site-packages.drv
  /nix/store/1xj6sw8pwj4qipr1yrwwfm7fnf6cw95g-compose-model-route-amd64-base.json.drv
  /nix/store/r9kp4lg098l1f36rbdlvm6f58dx99399-compose-inference-class-arm64-site-packages.drv
  /nix/store/hb1a85v85r19c6x65r878m1msgnsr3ag-compose-inference-class-arm64-customisation-layer.drv
  /nix/store/vrx4z4x7rmqqjfvfb93h86r8nm6jpnzp-compose-inference-class-arm64-base.json.drv
  /nix/store/8gzz39246s0fg9nkw5bxr4y1011fpmcd-excludePaths.drv
  /nix/store/i0ahwscvj00as8m80w2bqz4favzjwfkv-layers.json.drv
  /nix/store/szp5hpv5576jb998vyjjxsz2d7wnf5v2-compose-inference-class-arm64-conf.json.drv
  /nix/store/zj8wmcxhq9w9kmw32n90xy5yp5npp71y-stream-compose-inference-class-arm64.drv
  /nix/store/1yz35i4c7pjzlqka7r31b91bcm7mnx28-compose-inference-class-arm64.tar.gz.drv
  /nix/store/98hb37321vdjm84bn5jwqn4y8jbbif01-compose-usages-arm64-site-packages.drv
  /nix/store/bkhir64zl1xrz2mshc741vjiawbrhb0g-compose-usages-arm64-base.json.drv
  /nix/store/br574b2n14lfmqalja4isglzz8b6vr8w-compose-usages-arm64-customisation-layer.drv
  /nix/store/2pf3axhskgn732fjxxbkch1xlpyw0vzq-excludePaths.drv
  /nix/store/s0i9cs8cp2sgiga1cr5v80k9nqbp7r7v-layers.json.drv
  /nix/store/z27ck03h7dgr65jpqcph6zg3fm4rlw14-compose-usages-arm64-conf.json.drv
  /nix/store/fkqi5fqgpqyypc1cxjbb4abr3lmxrd74-stream-compose-usages-arm64.drv
  /nix/store/2428d4vxh75imzhvzibbf79q3sfrhphb-compose-usages-arm64.tar.gz.drv
  /nix/store/5slpm3k7ryz0yirilxhq4hra804r2v43-stream-compose-serving-stack-arm64.drv
  /nix/store/2gzz7820jl6wkf0590qmprp714zf6qyi-compose-serving-stack-arm64.tar.gz.drv
  /nix/store/lawf09vfm7a82py130s88bx88dd906fw-compose-aks-cluster-arm64-site-packages.drv
  /nix/store/f01x4nvlxml328cwl8a891qsyhf8pdc6-compose-aks-cluster-arm64-customisation-layer.drv
  /nix/store/g9ang2japx7jk8gqsn8bgn788hhn1mx4-compose-aks-cluster-arm64-base.json.drv
  /nix/store/achjf1z8vjpjzsx61898l6m53d31wa23-excludePaths.drv
  /nix/store/5nr8l6c5fk42jiplfb4rpy3kb1333hsc-layers.json.drv
  /nix/store/pmvj0c7fymyncpf0jl42sb4pxnn5k7r1-compose-aks-cluster-arm64-conf.json.drv
  /nix/store/7jaryxxv9fmzfsf9sw1spyrxk7s0wcic-stream-compose-aks-cluster-arm64.drv
  /nix/store/2myhy659kxasipmwp5jlgja2psaw2qsq-compose-aks-cluster-arm64.tar.gz.drv
  /nix/store/8p7z93bccqmh4p6iinlyz8ylynd78kvy-compose-usages-amd64-customisation-layer.drv
  /nix/store/j0rw821clawzq83ggk32qlin0pm2pcy6-excludePaths.drv
  /nix/store/vpjz4rwdpm5dl6lf00y07j8yj86xm914-layers.json.drv
  /nix/store/7cayn1v38q5y8mp6s3r7ji8zwaci03r5-compose-usages-amd64-conf.json.drv
  /nix/store/ad0cpicr0z0lp2ha3iyd3iijhx2m5yzk-stream-compose-usages-amd64.drv
  /nix/store/3ay0i493ibng5qpsmna9kzf97bbpai6p-compose-usages-amd64.tar.gz.drv
  /nix/store/jrr5lk3xyv69kp4m72acrmn109clgiyd-compose-inference-cluster-arm64-site-packages.drv
  /nix/store/dg2frknlknp8xd1x2rw70c4dfqc5njdf-compose-inference-cluster-arm64-customisation-layer.drv
  /nix/store/z0z83n6x6h0ffxlrsmnpfbc8l490rsa9-compose-inference-cluster-arm64-base.json.drv
  /nix/store/43mk3i9skpkyr184gqpzyvxx5xvr4q3l-excludePaths.drv
  /nix/store/zm7vam0ynnhxrmrbv9h6s7z43q3ksdcd-layers.json.drv
  /nix/store/r9bk2bqs84by51nig6mx94xwcr7l3riq-compose-inference-cluster-arm64-conf.json.drv
  /nix/store/l1sxi8xx1yxa11l2vi2v17v3vs612hsv-stream-compose-inference-cluster-arm64.drv
  /nix/store/5fb5gmdw8mh4vlm2yqhlcwzq6jcpgn56-compose-inference-cluster-arm64.tar.gz.drv
  /nix/store/c9vh8kg8k4fzrfla9rgypsd3kz1xy7ih-compose-model-replica-arm64-site-packages.drv
  /nix/store/hkqkx7jml4rwb0xv5qgmav8a60jqsqjv-compose-model-replica-arm64-base.json.drv
  /nix/store/kd9vci8zrcx5ddfginyzvqgsij0pz0qm-compose-model-replica-arm64-customisation-layer.drv
  /nix/store/8mpdr2h0xhm7531vk8jv8y9sbs9wx0k2-excludePaths.drv
  /nix/store/v58daymclzqlp4r4a69f9yml3rgkld3m-layers.json.drv
  /nix/store/jmmlbnkpyz9zfyjkamn2fsidyi00qp64-compose-model-replica-arm64-conf.json.drv
  /nix/store/7pzkac7bm8qbbgdlq1g3ipdhszfdsiw8-stream-compose-model-replica-arm64.drv
  /nix/store/5yid92nmkx56a3krdmkqzd112w46rhb9-compose-model-replica-arm64.tar.gz.drv
  /nix/store/9lgm5c6qcindmk3sf1gl9n8zhpwci47p-compose-vultr-cluster-amd64-site-packages.drv
  /nix/store/5n6wpa0dia12573gybn9mr2246522mv8-compose-vultr-cluster-amd64-base.json.drv
  /nix/store/cbpgrxbmv63rvn9wi01jw50q5py1afwc-compose-vultr-cluster-amd64-customisation-layer.drv
  /nix/store/6cygr84smb5vsaa5div3ki7f4hd1dqlm-excludePaths.drv
  /nix/store/h8hybb380mh051pjklvnqqjfy69nwabc-layers.json.drv
  /nix/store/63llj0j7ggncmb679rzh9x7n0amvm0a0-compose-vultr-cluster-amd64-conf.json.drv
  /nix/store/kldzfwzgsaq1cxakiaj6kwq95qvamw5l-stream-compose-vultr-cluster-amd64.drv
  /nix/store/72pw331xxg6ck7krqcnz8b8w26sxzipg-compose-vultr-cluster-amd64.tar.gz.drv
  /nix/store/h8amgws43wiac5rfh1q622ihfcnydkcn-compose-inference-class-amd64-site-packages.drv
  /nix/store/ar9aalcdlmzs7jzq76bl5pw6liir0gsp-compose-inference-class-amd64-customisation-layer.drv
  /nix/store/xf54a938acki2gw8kfj4n82yj1pl8ngd-compose-inference-class-amd64-base.json.drv
  /nix/store/w1vxhc3mmfzgpc5i2sr0v94ixspl85qb-excludePaths.drv
  /nix/store/mz4q3ccnbf7ywylwjxba9xd09ccb75bg-layers.json.drv
  /nix/store/s424fqn2hb2m0f1w6wiw34r7wds7ywv3-compose-inference-class-amd64-conf.json.drv
  /nix/store/qsppvx2qgy3bjcsym2dkk136cyfvlb7c-stream-compose-inference-class-amd64.drv
  /nix/store/746lgph6yiwnagall8sd2wsvs8dkkfvi-compose-inference-class-amd64.tar.gz.drv
  /nix/store/7w2hn814x2c3lgaazw7g3c1injdd41a4-compose-inference-cluster-amd64.tar.gz.drv
  /nix/store/nb0vry3qw4iz1yg0kgjjwkj8viyd5200-compose-model-deployment-arm64-site-packages.drv
  /nix/store/7xns5f3m0fj5wg1d8wzycrz5iqz5xpmq-compose-model-deployment-arm64-base.json.drv
  /nix/store/pxsjwzjix59n7zf1s2zdrknfijqqdqva-compose-model-deployment-arm64-customisation-layer.drv
  /nix/store/nz0f7cz7x7zj7cvws6jkk3mg25c53cv9-excludePaths.drv
  /nix/store/ys31zd7fsldgvdsv568c5gvzkdv23lfr-layers.json.drv
  /nix/store/zy0ww2gam46pav4zgc17x5bh143lp566-compose-model-deployment-arm64-conf.json.drv
  /nix/store/faskzkikgn53w6pdbv3rac7gimix40hn-stream-compose-model-deployment-arm64.drv
  /nix/store/7zsb36cj2ykmwvm0rc7yikp4jr542711-compose-model-deployment-arm64.tar.gz.drv
  /nix/store/hr7w9y21hllkr75ffam081j5psmimh1p-compose-model-cache-amd64-site-packages.drv
  /nix/store/8fqhsqdnc2jzyd9iwl4pk6nc81d91ay3-compose-model-cache-amd64-customisation-layer.drv
  /nix/store/r02iyjmndagabqc3x2182fkj8w7siny1-compose-model-cache-amd64-base.json.drv
  /nix/store/dpgzmklmg1xxf3yxk3qw867jklbr7g4h-excludePaths.drv
  /nix/store/av7z7zdwrqq6jy48n2hqyq9l0fw03pmh-layers.json.drv
  /nix/store/6mxqryvpxdx0w06sawipil3d3fcy5myp-compose-model-cache-amd64-conf.json.drv
  /nix/store/7kq1a9qgj14wqbbvda3p1jk3fn3cha5y-stream-compose-model-cache-amd64.drv
  /nix/store/91rj7j0cpbw6slfd9r5z23lh1i3bf2am-compose-model-cache-amd64.tar.gz.drv
  /nix/store/67p1xp6idvrzki5xykfhn3b9qx65dgbm-compose-nebius-cluster-amd64-site-packages.drv
  /nix/store/6hl8bcpjds307fb15cgpqfi0nm3hi28r-compose-nebius-cluster-amd64-customisation-layer.drv
  /nix/store/lnd96wa4jwglzwcc9yvzzfczp3ffp0wc-compose-nebius-cluster-amd64-base.json.drv
  /nix/store/lzi73b6x2czsd9isx53wv4shhgqflx2x-excludePaths.drv
  /nix/store/c7jdm6nxck926czrhyjlnz8ffanmyf4a-layers.json.drv
  /nix/store/hvzvlwlk0x73ycc8c5my0gh0626m113n-compose-nebius-cluster-amd64-conf.json.drv
  /nix/store/vfcprdp8skkx6ylp7n1xk0zvap55aa8x-stream-compose-nebius-cluster-amd64.drv
  /nix/store/9jmyppabs9ifqjkzl5xdjj56vqkdwz0s-compose-nebius-cluster-amd64.tar.gz.drv
  /nix/store/ap2s0ivq99z3vzsi9iyqandhsrj05hnn-compose-inference-gateway-arm64-base.json.drv
  /nix/store/xap7601yqvsk0shrgq184607ail5lw9n-compose-inference-gateway-arm64-customisation-layer.drv
  /nix/store/hwg8h5bldbaacr1qa1a3rrm3lppais7v-excludePaths.drv
  /nix/store/cmq65pk2hdfpjrlxyiwqa9cklf9aqf1m-layers.json.drv
  /nix/store/nz59pf16c9rv4jviqi8z0rh3ld1ajcil-compose-inference-gateway-arm64-conf.json.drv
  /nix/store/vnmvnv6322078irfw9fmn121dhjwarwc-stream-compose-inference-gateway-arm64.drv
  /nix/store/a4k0snb8nl3f2wg71sb8d1nh9cdkab41-compose-inference-gateway-arm64.tar.gz.drv
  /nix/store/pgmga03bsifwn6jcqw700kby7vp6k54s-compose-model-endpoint-arm64-conf.json.drv
  /nix/store/pvd29cncxvxiz2axgx8q1zg9xyp2nnl1-stream-compose-model-endpoint-arm64.drv
  /nix/store/bx983gvr46wapqy9l8m4xdjkr4ir4h0n-compose-model-endpoint-arm64.tar.gz.drv
  /nix/store/drppfv09dsaj2bq20r8zcw1h6pb74my2-compose-model-replica-amd64-site-packages.drv
  /nix/store/4n5bwr9q2ki38i9xsgnpccb25ibbchrs-compose-model-replica-amd64-customisation-layer.drv
  /nix/store/yv1776198rxas9wp9mgbvgfx3b12kqkn-compose-model-replica-amd64-base.json.drv
  /nix/store/616x1rg8bwg54hypiqrck3474arr3hd4-excludePaths.drv
  /nix/store/nv7fzn23xvfb6zb90l4ha2da70fwdz2y-layers.json.drv
  /nix/store/frrdwfxvwm9xls8crc0sfx5kmn7vbkv7-compose-model-replica-amd64-conf.json.drv
  /nix/store/f160mxnb536vx6mm44b20jpz6njxjl16-stream-compose-model-replica-amd64.drv
  /nix/store/g60kx5qxx32zxzd8f062z3h8k4ayylrx-compose-model-replica-amd64.tar.gz.drv
  /nix/store/dnwpcc7a2cx1najyqx78nw21j36hvdhn-compose-gke-cluster-arm64-base.json.drv
  /nix/store/rw729fh462pvqlr0x9walcc6f09dxn3q-compose-gke-cluster-arm64-customisation-layer.drv
  /nix/store/hqjkwjyyi6vigawlxxgczvaav20ra3hd-excludePaths.drv
  /nix/store/rxlbkqq4ix6rkw0xr46zik0arh9b5m0b-layers.json.drv
  /nix/store/73kyvhcbyqqarlqvwh326gri9mypnq09-compose-gke-cluster-arm64-conf.json.drv
  /nix/store/djh2mxrk0ags699n6lcqy8531fdmzmll-stream-compose-gke-cluster-arm64.drv
  /nix/store/g6cpyqjddp72hdgpm09cd6351mwdbryv-compose-gke-cluster-arm64.tar.gz.drv
  /nix/store/ap5317xjfsxmdcxv6ls9nwgc7g1qfkrq-layers.json.drv
  /nix/store/zcbfbc5r1j8all0y8gdh2qnmmzy4j0cz-compose-model-deployment-amd64-conf.json.drv
  /nix/store/s7l3iwx2c5z6xsdsn0v556613qwvspaf-stream-compose-model-deployment-amd64.drv
  /nix/store/g9sff7iakxsdybglyd1sgv9z6x91h1db-compose-model-deployment-amd64.tar.gz.drv
  /nix/store/vp2lzf7sap2xwmbic89bm5sb13phhkfr-compose-serving-stack-amd64-site-packages.drv
  /nix/store/4pca746mjpx2nfmzv0kz5020ildf2gd0-compose-serving-stack-amd64-base.json.drv
  /nix/store/z10g7g0fkyi25wyvvixzcqpf73j16ghx-compose-serving-stack-amd64-customisation-layer.drv
  /nix/store/30mpsja0l60ccf1bhzkm208gmi2pml9q-excludePaths.drv
  /nix/store/fsp2gcd8i5wa8lxj9xy2hlhpzlnp8n12-layers.json.drv
  /nix/store/ic401z41c6pqzfg55rhbxvslfpx5i06g-compose-serving-stack-amd64-conf.json.drv
  /nix/store/563xj8bp0gdxcj99cxw7xgwh7xf193pc-stream-compose-serving-stack-amd64.drv
  /nix/store/j9rk6mydzp1g1lqjlv6xlkcfgxbgvla2-compose-serving-stack-amd64.tar.gz.drv
  /nix/store/mkrdv1bkn1iy3a7ccgxbh73s3y7zkjba-compose-inference-gateway-amd64-site-packages.drv
  /nix/store/h0cdixh7yw51fdmkiwlgfjkin6ksmisk-compose-inference-gateway-amd64-customisation-layer.drv
  /nix/store/kwkhg0158fplw9rkjn1a6qvly9h613j3-compose-inference-gateway-amd64-base.json.drv
  /nix/store/wvf54vfsrk7rcp7d4njwbs5inwf4x60j-excludePaths.drv
  /nix/store/x4klxnq0rg17nva2amfl8hx97idhmmk8-layers.json.drv
  /nix/store/vicx0bqbcansiqak2ywmbqwp8dw0vcx2-compose-inference-gateway-amd64-conf.json.drv
  /nix/store/fzlbck44bbcxrlpflzaczjr68cghbqsc-stream-compose-inference-gateway-amd64.drv
  /nix/store/jklcbizsy3j5ixjxqqbc7g3k1immjfr6-compose-inference-gateway-amd64.tar.gz.drv
  /nix/store/4qvlwwa5q6y11fn3vycnsdzz8ahs9pj9-compose-gke-cluster-amd64-site-packages.drv
  /nix/store/makwdzinv38cx7sp0ixrcwj9x2gfpp6l-compose-gke-cluster-amd64-base.json.drv
  /nix/store/psnsnqbdb4y5ixrll9h123ws94bwgy4h-compose-gke-cluster-amd64-customisation-layer.drv
  /nix/store/6igxvibbp2c79bcqcpzgyp27yfzagxdp-excludePaths.drv
  /nix/store/fwfdskhxbgs29a3s1i7x471a7aj4j1qr-layers.json.drv
  /nix/store/y7q9cichfl9fsd3crkh95n1p1xm7afi8-compose-gke-cluster-amd64-conf.json.drv
  /nix/store/kapvgdbi1jaxi73n77p9535sl6j9w7m8-stream-compose-gke-cluster-amd64.drv
  /nix/store/jx9yk6bki7ldx7rim2xh3rxqh45bixfr-compose-gke-cluster-amd64.tar.gz.drv
  /nix/store/x7jmx7fv96x1kbww2yscva16yllhbh5m-compose-eks-cluster-arm64-site-packages.drv
  /nix/store/47g2mb7rwdf93v94y4gnaglwi9vj9bbv-compose-eks-cluster-arm64-base.json.drv
  /nix/store/d880l09dki7xhyz8i4j2fs8cqyxgba1f-compose-eks-cluster-arm64-customisation-layer.drv
  /nix/store/bisvk1z9mlgpibskwl1cfb5vnshb02zz-excludePaths.drv
  /nix/store/55742yjzfi0h9lnrsjgidclpp5pim4s0-layers.json.drv
  /nix/store/m3h4fg40pqfar77gmqx8yy9mspj9rz6n-compose-eks-cluster-arm64-conf.json.drv
  /nix/store/r1wzs38nkkaa86iy7avpydxxds4kq7cl-stream-compose-eks-cluster-arm64.drv
  /nix/store/jy4i6xn1yfx2hh9hcqd5jwadxj8zzysl-compose-eks-cluster-arm64.tar.gz.drv
  /nix/store/iiqkmvwj6s32fiznj4065av6wa08x557-compose-model-route-amd64-customisation-layer.drv
  /nix/store/hmgyc8gkhyn8h4zl1k8njidyk4lcrgkr-excludePaths.drv
  /nix/store/n70ifdczak2id997pdfv2m7np1gbk48b-layers.json.drv
  /nix/store/h3z0xi7sh41wdi4lyn2hy6nfbxd0m717-compose-model-route-amd64-conf.json.drv
  /nix/store/rng1yfvv1w93c48qdpy4bzr1kgnz9lic-stream-compose-model-route-amd64.drv
  /nix/store/n39bc13fh03vfwrc2dnpiwpgh3avdk5x-compose-model-route-amd64.tar.gz.drv
  /nix/store/8s3zxibfma2ggmzh4z71g69i5yqw40jw-compose-nebius-cluster-arm64-site-packages.drv
  /nix/store/6j6w1ss2jqy00x67fhh936bkb2c8m1if-compose-nebius-cluster-arm64-base.json.drv
  /nix/store/yhf8j03qq3v788y2lifrp68457hmb4g4-compose-nebius-cluster-arm64-customisation-layer.drv
  /nix/store/a7sylnc0h23xfxjsmz75ym1l3m6f5drw-excludePaths.drv
  /nix/store/l8xfdy8wb6ishfz0m56an9rsywinazrh-layers.json.drv
  /nix/store/dgg4ffy7m28lhr2x9v2rhrbf6z0rhm6p-compose-nebius-cluster-arm64-conf.json.drv
  /nix/store/p23wp202hsdrnfmby1bbhks4x9n05c67-stream-compose-nebius-cluster-arm64.drv
  /nix/store/r06576z5ylamn1k9p735bm7m0px9x5d1-compose-nebius-cluster-arm64.tar.gz.drv
  /nix/store/yp57m9ynj58dkqgrp7mgnzka859lpnyy-compose-aks-cluster-amd64-site-packages.drv
  /nix/store/g9mayzhckfg1xyhhxk6sf6xs7llp8mjl-compose-aks-cluster-amd64-customisation-layer.drv
  /nix/store/j4mfdc1n36hgvd5wxgw1h0xc4h19sls7-compose-aks-cluster-amd64-base.json.drv
  /nix/store/9ckijkz0y53dkf88558y5gy3sgrs4whk-excludePaths.drv
  /nix/store/q2r0lzmv28465jivz4sl7c39b52cbj2k-layers.json.drv
  /nix/store/zczxkyq22m25za7qpf16dr1wc87y1a2c-compose-aks-cluster-amd64-conf.json.drv
  /nix/store/sb72bwhgpypwg2hgb53ifwzhw0nly8xw-stream-compose-aks-cluster-amd64.drv
  /nix/store/r9ccmakl90l1jmn4drq5pl56as4valgd-compose-aks-cluster-amd64.tar.gz.drv
  /nix/store/g9vayp3z19kkypgn95fd5g55v5cnqglv-compose-model-route-arm64-site-packages.drv
  /nix/store/4fwdb7cyw5ggnm7i8d1h3lqd151r5c6i-compose-model-route-arm64-customisation-layer.drv
  /nix/store/gwrqv3lpjpp3pf49i9nw3y4j796q7dz5-compose-model-route-arm64-base.json.drv
  /nix/store/4aqvnk3yyq79nl6bczhndbc0g6p0qxrn-excludePaths.drv
  /nix/store/3wsrfjpws8avylkidzk2knfzjr0kgbfs-layers.json.drv
  /nix/store/vsgq5bj6sg6m1yz9x663xvp980k38las-compose-model-route-arm64-conf.json.drv
  /nix/store/l0f8pgynz6ihypklcqjzmrrg56iy7sm1-stream-compose-model-route-arm64.drv
  /nix/store/s224r8q62rk0jk4fgc0b837mf1432x37-compose-model-route-arm64.tar.gz.drv
  /nix/store/hnr9ahzxid2641jpjwbvsm3sc0nknw3n-compose-eks-cluster-amd64-conf.json.drv
  /nix/store/p8sfji9ssawc1s2m7l8nnfcvcw7b935m-stream-compose-eks-cluster-amd64.drv
  /nix/store/s7xizmdc9s4f5jczczbpadl8c55xijxy-compose-eks-cluster-amd64.tar.gz.drv
  /nix/store/vrqa4zhf6p1j7ml5h7ganqjfzxi6cky8-compose-model-service-arm64-site-packages.drv
  /nix/store/3gfbym0ir0mfbanksipm56qz5k6zh1d4-compose-model-service-arm64-base.json.drv
  /nix/store/8r01cbxl9ldpr4a160g6zcz8p8vjkkak-compose-model-service-arm64-customisation-layer.drv
  /nix/store/kvkjcyjbfrvy7d7viqyz8x06sc7g8s3d-excludePaths.drv
  /nix/store/kcpwr4750yraq38i9zyj4l5c10dmzyx9-layers.json.drv
  /nix/store/3ga1yr3zmc2g39a5hxjbq4d8dm0c4h43-compose-model-service-arm64-conf.json.drv
  /nix/store/iqdi1bvy4gkgz13id9n3ai002dk086mh-stream-compose-model-service-arm64.drv
  /nix/store/x2h3giyzjcn9bw74qds2yixy5s1nk2w6-compose-model-service-arm64.tar.gz.drv
  /nix/store/hfcf4lzz4f464xvjyxjvz7z8lv5rgv8g-layers.json.drv
  /nix/store/bngmrmb8jq2a855q8wriz67kgjdwl2zg-compose-vultr-cluster-arm64-conf.json.drv
  /nix/store/rn22sx23zyi2g5cxyl7n36a1h3vjbfg3-stream-compose-vultr-cluster-arm64.drv
  /nix/store/xvqd1whzmxd8jal806sg95rcicfvwd86-compose-vultr-cluster-arm64.tar.gz.drv
  /nix/store/a3yznzpyb9ddycj0588rgm0hi9q95sqf-modelplane-functions.drv
  /nix/store/2xwlr9dn6jafq1d6x9wc784lggnhysif-modelplane-e2e.drv
building '/nix/store/yp57m9ynj58dkqgrp7mgnzka859lpnyy-compose-aks-cluster-amd64-site-packages.drv'...
building '/nix/store/lawf09vfm7a82py130s88bx88dd906fw-compose-aks-cluster-arm64-site-packages.drv'...
building '/nix/store/d80hy4wfrs3bh6a9vwbfvlaxvwh5h1mk-compose-eks-cluster-amd64-site-packages.drv'...
building '/nix/store/x7jmx7fv96x1kbww2yscva16yllhbh5m-compose-eks-cluster-arm64-site-packages.drv'...
building '/nix/store/4qvlwwa5q6y11fn3vycnsdzz8ahs9pj9-compose-gke-cluster-amd64-site-packages.drv'...
building '/nix/store/18qqsgx5hn5lrdjvblqgl5cj2zz091mi-compose-gke-cluster-arm64-site-packages.drv'...
building '/nix/store/h8amgws43wiac5rfh1q622ihfcnydkcn-compose-inference-class-amd64-site-packages.drv'...
building '/nix/store/r9kp4lg098l1f36rbdlvm6f58dx99399-compose-inference-class-arm64-site-packages.drv'...
building '/nix/store/6ivjnm80zz2jp0jqzaaiy40r3yk2c4rx-compose-inference-cluster-amd64-site-packages.drv'...
building '/nix/store/jrr5lk3xyv69kp4m72acrmn109clgiyd-compose-inference-cluster-arm64-site-packages.drv'...
building '/nix/store/mkrdv1bkn1iy3a7ccgxbh73s3y7zkjba-compose-inference-gateway-amd64-site-packages.drv'...
building '/nix/store/k4i9n5q52pbgxarf96c5blbs2pman9i7-compose-eks-cluster-amd64-base.json.drv'...
building '/nix/store/qgiyilgbmjbimm8vr1zghzw830dv4sg6-compose-eks-cluster-amd64-customisation-layer.drv'...
building '/nix/store/0iv5wc9i23g6ki4d6yxhwb83b36q275h-compose-inference-gateway-arm64-site-packages.drv'...
building '/nix/store/hr7w9y21hllkr75ffam081j5psmimh1p-compose-model-cache-amd64-site-packages.drv'...
building '/nix/store/fhxrh58a06rn94q06znngd0bmgy6v2dz-compose-model-cache-arm64-site-packages.drv'...
building '/nix/store/8792kbgk0lr77yr7mn9an2m3p8fjpa5z-compose-model-deployment-amd64-site-packages.drv'...
building '/nix/store/nb0vry3qw4iz1yg0kgjjwkj8viyd5200-compose-model-deployment-arm64-site-packages.drv'...
building '/nix/store/fb3kmvr4l9d6has2w94hvy6wlagb7xpz-compose-model-endpoint-amd64-site-packages.drv'...
building '/nix/store/293x09y05c49997mazm1pp0z40w62zba-compose-model-endpoint-arm64-site-packages.drv'...
building '/nix/store/j4mfdc1n36hgvd5wxgw1h0xc4h19sls7-compose-aks-cluster-amd64-base.json.drv'...
building '/nix/store/g9mayzhckfg1xyhhxk6sf6xs7llp8mjl-compose-aks-cluster-amd64-customisation-layer.drv'...
building '/nix/store/g9ang2japx7jk8gqsn8bgn788hhn1mx4-compose-aks-cluster-arm64-base.json.drv'...
building '/nix/store/f01x4nvlxml328cwl8a891qsyhf8pdc6-compose-aks-cluster-arm64-customisation-layer.drv'...
building '/nix/store/47g2mb7rwdf93v94y4gnaglwi9vj9bbv-compose-eks-cluster-arm64-base.json.drv'...
building '/nix/store/d880l09dki7xhyz8i4j2fs8cqyxgba1f-compose-eks-cluster-arm64-customisation-layer.drv'...
building '/nix/store/makwdzinv38cx7sp0ixrcwj9x2gfpp6l-compose-gke-cluster-amd64-base.json.drv'...
building '/nix/store/psnsnqbdb4y5ixrll9h123ws94bwgy4h-compose-gke-cluster-amd64-customisation-layer.drv'...
building '/nix/store/dnwpcc7a2cx1najyqx78nw21j36hvdhn-compose-gke-cluster-arm64-base.json.drv'...
building '/nix/store/rw729fh462pvqlr0x9walcc6f09dxn3q-compose-gke-cluster-arm64-customisation-layer.drv'...
building '/nix/store/xf54a938acki2gw8kfj4n82yj1pl8ngd-compose-inference-class-amd64-base.json.drv'...
building '/nix/store/ar9aalcdlmzs7jzq76bl5pw6liir0gsp-compose-inference-class-amd64-customisation-layer.drv'...
building '/nix/store/vrx4z4x7rmqqjfvfb93h86r8nm6jpnzp-compose-inference-class-arm64-base.json.drv'...
building '/nix/store/hb1a85v85r19c6x65r878m1msgnsr3ag-compose-inference-class-arm64-customisation-layer.drv'...
building '/nix/store/gcji2b77r7y1rmqi5051svaic5lqfysq-compose-inference-cluster-amd64-base.json.drv'...
building '/nix/store/zjbx6n7y5h1b5va5wadrq7xq5z72v8fw-compose-inference-cluster-amd64-customisation-layer.drv'...
building '/nix/store/z0z83n6x6h0ffxlrsmnpfbc8l490rsa9-compose-inference-cluster-arm64-base.json.drv'...
building '/nix/store/dg2frknlknp8xd1x2rw70c4dfqc5njdf-compose-inference-cluster-arm64-customisation-layer.drv'...
building '/nix/store/kwkhg0158fplw9rkjn1a6qvly9h613j3-compose-inference-gateway-amd64-base.json.drv'...
building '/nix/store/h0cdixh7yw51fdmkiwlgfjkin6ksmisk-compose-inference-gateway-amd64-customisation-layer.drv'...
building '/nix/store/ap2s0ivq99z3vzsi9iyqandhsrj05hnn-compose-inference-gateway-arm64-base.json.drv'...
building '/nix/store/xap7601yqvsk0shrgq184607ail5lw9n-compose-inference-gateway-arm64-customisation-layer.drv'...
building '/nix/store/r02iyjmndagabqc3x2182fkj8w7siny1-compose-model-cache-amd64-base.json.drv'...
building '/nix/store/8fqhsqdnc2jzyd9iwl4pk6nc81d91ay3-compose-model-cache-amd64-customisation-layer.drv'...
building '/nix/store/mrd1qg25y8gf44jgysqcmhsk7j5j03ac-compose-model-cache-arm64-base.json.drv'...
building '/nix/store/7rcw7sx2ma33mfkgjdhnwk0y3r4f1rz1-compose-model-cache-arm64-customisation-layer.drv'...
building '/nix/store/r5y53wc37rzp50xywnrbjk8153mlnnbz-compose-model-deployment-amd64-base.json.drv'...
building '/nix/store/wx1pmjh9ajbycr1riaq57jcmv0nh71kl-compose-model-deployment-amd64-customisation-layer.drv'...
building '/nix/store/7xns5f3m0fj5wg1d8wzycrz5iqz5xpmq-compose-model-deployment-arm64-base.json.drv'...
building '/nix/store/pxsjwzjix59n7zf1s2zdrknfijqqdqva-compose-model-deployment-arm64-customisation-layer.drv'...
building '/nix/store/mwbpy73s0pvamgl052c9arj610hfplnc-compose-model-endpoint-amd64-base.json.drv'...
building '/nix/store/l556kw5b0gn0w2r8mqj6iy0blc83clx2-compose-model-endpoint-amd64-customisation-layer.drv'...
building '/nix/store/w4qqpkklflhkg6ifsmfd8728lr9dmj9n-compose-model-endpoint-arm64-base.json.drv'...
building '/nix/store/8a86vlvaxd8kknwdhrsv01wly9kscv5x-compose-model-endpoint-arm64-customisation-layer.drv'...
building '/nix/store/drppfv09dsaj2bq20r8zcw1h6pb74my2-compose-model-replica-amd64-site-packages.drv'...
building '/nix/store/c9vh8kg8k4fzrfla9rgypsd3kz1xy7ih-compose-model-replica-arm64-site-packages.drv'...
building '/nix/store/vfzi840jmqpcmp6a4rsq6jssh72fhicy-compose-model-route-amd64-site-packages.drv'...
building '/nix/store/g9vayp3z19kkypgn95fd5g55v5cnqglv-compose-model-route-arm64-site-packages.drv'...
building '/nix/store/anvxmb3q9s7hzlgnf4ljpkcgvvfn5442-compose-model-service-amd64-site-packages.drv'...
building '/nix/store/vrqa4zhf6p1j7ml5h7ganqjfzxi6cky8-compose-model-service-arm64-site-packages.drv'...
building '/nix/store/67p1xp6idvrzki5xykfhn3b9qx65dgbm-compose-nebius-cluster-amd64-site-packages.drv'...
building '/nix/store/8s3zxibfma2ggmzh4z71g69i5yqw40jw-compose-nebius-cluster-arm64-site-packages.drv'...
building '/nix/store/vp2lzf7sap2xwmbic89bm5sb13phhkfr-compose-serving-stack-amd64-site-packages.drv'...
building '/nix/store/2yx3b70lmhj925drab8mm1j0crd6vwdk-compose-serving-stack-arm64-site-packages.drv'...
building '/nix/store/3gwhja1002mzs9b02dxvd6ln73iri1rd-compose-usages-amd64-site-packages.drv'...
building '/nix/store/yv1776198rxas9wp9mgbvgfx3b12kqkn-compose-model-replica-amd64-base.json.drv'...
building '/nix/store/4n5bwr9q2ki38i9xsgnpccb25ibbchrs-compose-model-replica-amd64-customisation-layer.drv'...
building '/nix/store/98hb37321vdjm84bn5jwqn4y8jbbif01-compose-usages-arm64-site-packages.drv'...
building '/nix/store/9lgm5c6qcindmk3sf1gl9n8zhpwci47p-compose-vultr-cluster-amd64-site-packages.drv'...
building '/nix/store/gwrqv3lpjpp3pf49i9nw3y4j796q7dz5-compose-model-route-arm64-base.json.drv'...
building '/nix/store/4fwdb7cyw5ggnm7i8d1h3lqd151r5c6i-compose-model-route-arm64-customisation-layer.drv'...
building '/nix/store/zgd0hcsd61v1lx161i96qgszqjc398z9-compose-model-service-amd64-base.json.drv'...
building '/nix/store/kflmsbpj7fs8lj6kyrnk4wngabal16nj-compose-model-service-amd64-customisation-layer.drv'...
building '/nix/store/hkqkx7jml4rwb0xv5qgmav8a60jqsqjv-compose-model-replica-arm64-base.json.drv'...
building '/nix/store/kd9vci8zrcx5ddfginyzvqgsij0pz0qm-compose-model-replica-arm64-customisation-layer.drv'...
building '/nix/store/1xj6sw8pwj4qipr1yrwwfm7fnf6cw95g-compose-model-route-amd64-base.json.drv'...
building '/nix/store/iiqkmvwj6s32fiznj4065av6wa08x557-compose-model-route-amd64-customisation-layer.drv'...
building '/nix/store/3gfbym0ir0mfbanksipm56qz5k6zh1d4-compose-model-service-arm64-base.json.drv'...
building '/nix/store/8r01cbxl9ldpr4a160g6zcz8p8vjkkak-compose-model-service-arm64-customisation-layer.drv'...
building '/nix/store/lnd96wa4jwglzwcc9yvzzfczp3ffp0wc-compose-nebius-cluster-amd64-base.json.drv'...
building '/nix/store/6hl8bcpjds307fb15cgpqfi0nm3hi28r-compose-nebius-cluster-amd64-customisation-layer.drv'...
building '/nix/store/6j6w1ss2jqy00x67fhh936bkb2c8m1if-compose-nebius-cluster-arm64-base.json.drv'...
building '/nix/store/yhf8j03qq3v788y2lifrp68457hmb4g4-compose-nebius-cluster-arm64-customisation-layer.drv'...
building '/nix/store/4pca746mjpx2nfmzv0kz5020ildf2gd0-compose-serving-stack-amd64-base.json.drv'...
building '/nix/store/z10g7g0fkyi25wyvvixzcqpf73j16ghx-compose-serving-stack-amd64-customisation-layer.drv'...
building '/nix/store/hd52y6ks99jci5qsy0hysj0gjyf00pn6-compose-serving-stack-arm64-base.json.drv'...
building '/nix/store/jcc749qcmfpl2jg6jjrf8rlawgxw83p0-compose-serving-stack-arm64-customisation-layer.drv'...
building '/nix/store/08lsx29g9z4dd514ibxhsscmmf7i9vww-compose-usages-amd64-base.json.drv'...
building '/nix/store/8p7z93bccqmh4p6iinlyz8ylynd78kvy-compose-usages-amd64-customisation-layer.drv'...
building '/nix/store/bkhir64zl1xrz2mshc741vjiawbrhb0g-compose-usages-arm64-base.json.drv'...
building '/nix/store/br574b2n14lfmqalja4isglzz8b6vr8w-compose-usages-arm64-customisation-layer.drv'...
building '/nix/store/5n6wpa0dia12573gybn9mr2246522mv8-compose-vultr-cluster-amd64-base.json.drv'...
building '/nix/store/cbpgrxbmv63rvn9wi01jw50q5py1afwc-compose-vultr-cluster-amd64-customisation-layer.drv'...
building '/nix/store/4bf2clpwn4f6ykkx6asyh7akk4gk034z-compose-vultr-cluster-arm64-site-packages.drv'...
building '/nix/store/19mfrcskgnf94b5bv30vygr2ccbg58k0-excludePaths.drv'...
building '/nix/store/2f3mphhn8inf27nrlsqb5nrjkvbq5h8q-excludePaths.drv'...
building '/nix/store/43mk3i9skpkyr184gqpzyvxx5xvr4q3l-excludePaths.drv'...
building '/nix/store/4aqvnk3yyq79nl6bczhndbc0g6p0qxrn-excludePaths.drv'...
building '/nix/store/616x1rg8bwg54hypiqrck3474arr3hd4-excludePaths.drv'...
building '/nix/store/6igxvibbp2c79bcqcpzgyp27yfzagxdp-excludePaths.drv'...
building '/nix/store/7rfpi3h0h13s8rjya07q1dg5k3188y33-excludePaths.drv'...
building '/nix/store/8gzz39246s0fg9nkw5bxr4y1011fpmcd-excludePaths.drv'...
building '/nix/store/8mpdr2h0xhm7531vk8jv8y9sbs9wx0k2-excludePaths.drv'...
building '/nix/store/9ckijkz0y53dkf88558y5gy3sgrs4whk-excludePaths.drv'...
building '/nix/store/30mpsja0l60ccf1bhzkm208gmi2pml9q-excludePaths.drv'...
building '/nix/store/a7sylnc0h23xfxjsmz75ym1l3m6f5drw-excludePaths.drv'...
building '/nix/store/achjf1z8vjpjzsx61898l6m53d31wa23-excludePaths.drv'...
building '/nix/store/bisvk1z9mlgpibskwl1cfb5vnshb02zz-excludePaths.drv'...
building '/nix/store/c96mq8pngrmb4b2gciqj2qpv1p5ajd3c-excludePaths.drv'...
building '/nix/store/dpgzmklmg1xxf3yxk3qw867jklbr7g4h-excludePaths.drv'...
building '/nix/store/gxc1lzd6rpglpf91jra1qg7md9lhnzaq-excludePaths.drv'...
building '/nix/store/hmgyc8gkhyn8h4zl1k8njidyk4lcrgkr-excludePaths.drv'...
building '/nix/store/cf1rrbkilb16y52cyarbdbg55ngcmb1l-excludePaths.drv'...
building '/nix/store/hqjkwjyyi6vigawlxxgczvaav20ra3hd-excludePaths.drv'...
building '/nix/store/hwg8h5bldbaacr1qa1a3rrm3lppais7v-excludePaths.drv'...
building '/nix/store/jdgalh10vcisvasivnfxsl4gnyzbcvw6-excludePaths.drv'...
building '/nix/store/kvkjcyjbfrvy7d7viqyz8x06sc7g8s3d-excludePaths.drv'...
building '/nix/store/lzi73b6x2czsd9isx53wv4shhgqflx2x-excludePaths.drv'...
building '/nix/store/j0rw821clawzq83ggk32qlin0pm2pcy6-excludePaths.drv'...
building '/nix/store/mnn7s09m481jmigk5l4k4fmvx1n1iic3-excludePaths.drv'...
building '/nix/store/nz0f7cz7x7zj7cvws6jkk3mg25c53cv9-excludePaths.drv'...
building '/nix/store/w1vxhc3mmfzgpc5i2sr0v94ixspl85qb-excludePaths.drv'...
building '/nix/store/wvf54vfsrk7rcp7d4njwbs5inwf4x60j-excludePaths.drv'...
building '/nix/store/1x32i0jncv80ahayzbzff2qf6knv0nfd-layers.json.drv'...
building '/nix/store/2pf3axhskgn732fjxxbkch1xlpyw0vzq-excludePaths.drv'...
building '/nix/store/3jiibj37sz92zzvm5k0mzpk289pvzkrz-layers.json.drv'...
building '/nix/store/3wsrfjpws8avylkidzk2knfzjr0kgbfs-layers.json.drv'...
building '/nix/store/3zc2lyaij54wrn04i7ck9awvq64w4438-layers.json.drv'...
building '/nix/store/55742yjzfi0h9lnrsjgidclpp5pim4s0-layers.json.drv'...
building '/nix/store/5nr8l6c5fk42jiplfb4rpy3kb1333hsc-layers.json.drv'...
building '/nix/store/89i1gyz98dbkz3mpiyhl43mmny8q54pk-layers.json.drv'...
building '/nix/store/a2j46hfr2mz12avh10hszkjz09a1cl1n-layers.json.drv'...
building '/nix/store/6cygr84smb5vsaa5div3ki7f4hd1dqlm-excludePaths.drv'...
building '/nix/store/0dldlmvi22hhcs6p42vy0nppk8mxxxvv-layers.json.drv'...
building '/nix/store/ap5317xjfsxmdcxv6ls9nwgc7g1qfkrq-layers.json.drv'...
building '/nix/store/pgmga03bsifwn6jcqw700kby7vp6k54s-compose-model-endpoint-arm64-conf.json.drv'...
building '/nix/store/ckh2cng4gd8hy70brsn8diz4cf122pfv-compose-vultr-cluster-arm64-base.json.drv'...
building '/nix/store/i7yf27hs34g205iyiyb635l0dh9r73rp-compose-vultr-cluster-arm64-customisation-layer.drv'...
building '/nix/store/av7z7zdwrqq6jy48n2hqyq9l0fw03pmh-layers.json.drv'...
building '/nix/store/c7jdm6nxck926czrhyjlnz8ffanmyf4a-layers.json.drv'...
building '/nix/store/cmq65pk2hdfpjrlxyiwqa9cklf9aqf1m-layers.json.drv'...
building '/nix/store/fsp2gcd8i5wa8lxj9xy2hlhpzlnp8n12-layers.json.drv'...
building '/nix/store/fwfdskhxbgs29a3s1i7x471a7aj4j1qr-layers.json.drv'...
building '/nix/store/pmvj0c7fymyncpf0jl42sb4pxnn5k7r1-compose-aks-cluster-arm64-conf.json.drv'...
building '/nix/store/m3h4fg40pqfar77gmqx8yy9mspj9rz6n-compose-eks-cluster-arm64-conf.json.drv'...
building '/nix/store/97n30si5ig3r9aw0wr0qqmsgk1i3hash-compose-inference-cluster-amd64-conf.json.drv'...
building '/nix/store/hnr9ahzxid2641jpjwbvsm3sc0nknw3n-compose-eks-cluster-amd64-conf.json.drv'...
building '/nix/store/4qxkx58vv0i8pry4brl0fl8239cwb7sf-compose-model-cache-arm64-conf.json.drv'...
building '/nix/store/zcbfbc5r1j8all0y8gdh2qnmmzy4j0cz-compose-model-deployment-amd64-conf.json.drv'...
building '/nix/store/6nx4zjfcydz9251r5f8i80j5ibicmdci-compose-model-endpoint-amd64-conf.json.drv'...
building '/nix/store/vsgq5bj6sg6m1yz9x663xvp980k38las-compose-model-route-arm64-conf.json.drv'...
building '/nix/store/0b5bz3n144xmsp8ph36gkhnmvh242yk6-compose-serving-stack-arm64-conf.json.drv'...
building '/nix/store/y7q9cichfl9fsd3crkh95n1p1xm7afi8-compose-gke-cluster-amd64-conf.json.drv'...
building '/nix/store/nz59pf16c9rv4jviqi8z0rh3ld1ajcil-compose-inference-gateway-arm64-conf.json.drv'...
building '/nix/store/6mxqryvpxdx0w06sawipil3d3fcy5myp-compose-model-cache-amd64-conf.json.drv'...
building '/nix/store/hvzvlwlk0x73ycc8c5my0gh0626m113n-compose-nebius-cluster-amd64-conf.json.drv'...
building '/nix/store/ic401z41c6pqzfg55rhbxvslfpx5i06g-compose-serving-stack-amd64-conf.json.drv'...
building '/nix/store/h8hybb380mh051pjklvnqqjfy69nwabc-layers.json.drv'...
building '/nix/store/i0ahwscvj00as8m80w2bqz4favzjwfkv-layers.json.drv'...
building '/nix/store/kcpwr4750yraq38i9zyj4l5c10dmzyx9-layers.json.drv'...
building '/nix/store/kiiyfr3qif582v816b63c5252n5rs1ln-layers.json.drv'...
building '/nix/store/l8xfdy8wb6ishfz0m56an9rsywinazrh-layers.json.drv'...
building '/nix/store/mz4q3ccnbf7ywylwjxba9xd09ccb75bg-layers.json.drv'...
building '/nix/store/n70ifdczak2id997pdfv2m7np1gbk48b-layers.json.drv'...
building '/nix/store/nv7fzn23xvfb6zb90l4ha2da70fwdz2y-layers.json.drv'...
building '/nix/store/q2r0lzmv28465jivz4sl7c39b52cbj2k-layers.json.drv'...
building '/nix/store/rxlbkqq4ix6rkw0xr46zik0arh9b5m0b-layers.json.drv'...
building '/nix/store/s0i9cs8cp2sgiga1cr5v80k9nqbp7r7v-layers.json.drv'...
building '/nix/store/szp5hpv5576jb998vyjjxsz2d7wnf5v2-compose-inference-class-arm64-conf.json.drv'...
building '/nix/store/63llj0j7ggncmb679rzh9x7n0amvm0a0-compose-vultr-cluster-amd64-conf.json.drv'...
building '/nix/store/v5zx5wl9mibf1gnlsh69x9scp6dsdbns-compose-model-service-amd64-conf.json.drv'...
building '/nix/store/3ga1yr3zmc2g39a5hxjbq4d8dm0c4h43-compose-model-service-arm64-conf.json.drv'...
building '/nix/store/v58daymclzqlp4r4a69f9yml3rgkld3m-layers.json.drv'...
building '/nix/store/vpjz4rwdpm5dl6lf00y07j8yj86xm914-layers.json.drv'...
building '/nix/store/x4klxnq0rg17nva2amfl8hx97idhmmk8-layers.json.drv'...
building '/nix/store/ys31zd7fsldgvdsv568c5gvzkdv23lfr-layers.json.drv'...
building '/nix/store/zczxkyq22m25za7qpf16dr1wc87y1a2c-compose-aks-cluster-amd64-conf.json.drv'...
building '/nix/store/73kyvhcbyqqarlqvwh326gri9mypnq09-compose-gke-cluster-arm64-conf.json.drv'...
building '/nix/store/s424fqn2hb2m0f1w6wiw34r7wds7ywv3-compose-inference-class-amd64-conf.json.drv'...
building '/nix/store/frrdwfxvwm9xls8crc0sfx5kmn7vbkv7-compose-model-replica-amd64-conf.json.drv'...
building '/nix/store/h3z0xi7sh41wdi4lyn2hy6nfbxd0m717-compose-model-route-amd64-conf.json.drv'...
building '/nix/store/dgg4ffy7m28lhr2x9v2rhrbf6z0rhm6p-compose-nebius-cluster-arm64-conf.json.drv'...
building '/nix/store/z27ck03h7dgr65jpqcph6zg3fm4rlw14-compose-usages-arm64-conf.json.drv'...
building '/nix/store/0h44lkp3n9hcrjbzdjxkzs196p4bm38p-excludePaths.drv'...
building '/nix/store/zm7vam0ynnhxrmrbv9h6s7z43q3ksdcd-layers.json.drv'...
building '/nix/store/7jaryxxv9fmzfsf9sw1spyrxk7s0wcic-stream-compose-aks-cluster-arm64.drv'...
building '/nix/store/vicx0bqbcansiqak2ywmbqwp8dw0vcx2-compose-inference-gateway-amd64-conf.json.drv'...
building '/nix/store/zy0ww2gam46pav4zgc17x5bh143lp566-compose-model-deployment-arm64-conf.json.drv'...
building '/nix/store/jmmlbnkpyz9zfyjkamn2fsidyi00qp64-compose-model-replica-arm64-conf.json.drv'...
building '/nix/store/7cayn1v38q5y8mp6s3r7ji8zwaci03r5-compose-usages-amd64-conf.json.drv'...
building '/nix/store/hfcf4lzz4f464xvjyxjvz7z8lv5rgv8g-layers.json.drv'...
building '/nix/store/p8sfji9ssawc1s2m7l8nnfcvcw7b935m-stream-compose-eks-cluster-amd64.drv'...
building '/nix/store/r1wzs38nkkaa86iy7avpydxxds4kq7cl-stream-compose-eks-cluster-arm64.drv'...
building '/nix/store/kapvgdbi1jaxi73n77p9535sl6j9w7m8-stream-compose-gke-cluster-amd64.drv'...
building '/nix/store/zj8wmcxhq9w9kmw32n90xy5yp5npp71y-stream-compose-inference-class-arm64.drv'...
building '/nix/store/2myhy659kxasipmwp5jlgja2psaw2qsq-compose-aks-cluster-arm64.tar.gz.drv'...
building '/nix/store/sb72bwhgpypwg2hgb53ifwzhw0nly8xw-stream-compose-aks-cluster-amd64.drv'...
building '/nix/store/djh2mxrk0ags699n6lcqy8531fdmzmll-stream-compose-gke-cluster-arm64.drv'...
building '/nix/store/s7xizmdc9s4f5jczczbpadl8c55xijxy-compose-eks-cluster-amd64.tar.gz.drv'...
building '/nix/store/jy4i6xn1yfx2hh9hcqd5jwadxj8zzysl-compose-eks-cluster-arm64.tar.gz.drv'...
building '/nix/store/r9bk2bqs84by51nig6mx94xwcr7l3riq-compose-inference-cluster-arm64-conf.json.drv'...
building '/nix/store/qsppvx2qgy3bjcsym2dkk136cyfvlb7c-stream-compose-inference-class-amd64.drv'...
building '/nix/store/033vcsa0rflm9qksfyry2y1ppwgnlc0y-stream-compose-inference-cluster-amd64.drv'...
building '/nix/store/vnmvnv6322078irfw9fmn121dhjwarwc-stream-compose-inference-gateway-arm64.drv'...
building '/nix/store/7kq1a9qgj14wqbbvda3p1jk3fn3cha5y-stream-compose-model-cache-amd64.drv'...
building '/nix/store/jx9yk6bki7ldx7rim2xh3rxqh45bixfr-compose-gke-cluster-amd64.tar.gz.drv'...
building '/nix/store/1yz35i4c7pjzlqka7r31b91bcm7mnx28-compose-inference-class-arm64.tar.gz.drv'...
building '/nix/store/bngmrmb8jq2a855q8wriz67kgjdwl2zg-compose-vultr-cluster-arm64-conf.json.drv'...
building '/nix/store/fzlbck44bbcxrlpflzaczjr68cghbqsc-stream-compose-inference-gateway-amd64.drv'...
building '/nix/store/1dk2pm2qcl94a1rgq3fp9f3x1ia1wxfx-stream-compose-model-cache-arm64.drv'...
building '/nix/store/r9ccmakl90l1jmn4drq5pl56as4valgd-compose-aks-cluster-amd64.tar.gz.drv'...
building '/nix/store/g6cpyqjddp72hdgpm09cd6351mwdbryv-compose-gke-cluster-arm64.tar.gz.drv'...
building '/nix/store/746lgph6yiwnagall8sd2wsvs8dkkfvi-compose-inference-class-amd64.tar.gz.drv'...
building '/nix/store/7w2hn814x2c3lgaazw7g3c1injdd41a4-compose-inference-cluster-amd64.tar.gz.drv'...
building '/nix/store/a4k0snb8nl3f2wg71sb8d1nh9cdkab41-compose-inference-gateway-arm64.tar.gz.drv'...
building '/nix/store/jklcbizsy3j5ixjxqqbc7g3k1immjfr6-compose-inference-gateway-amd64.tar.gz.drv'...
building '/nix/store/91rj7j0cpbw6slfd9r5z23lh1i3bf2am-compose-model-cache-amd64.tar.gz.drv'...
building '/nix/store/03z3qvj7psp7gqwk5vgyv1wj7lv7ny7m-compose-model-cache-arm64.tar.gz.drv'...
building '/nix/store/l1sxi8xx1yxa11l2vi2v17v3vs612hsv-stream-compose-inference-cluster-arm64.drv'...
building '/nix/store/s7l3iwx2c5z6xsdsn0v556613qwvspaf-stream-compose-model-deployment-amd64.drv'...
building '/nix/store/faskzkikgn53w6pdbv3rac7gimix40hn-stream-compose-model-deployment-arm64.drv'...
building '/nix/store/3v86qx6rz0qnxd8j9y8pr6qq7zx96aqw-stream-compose-model-endpoint-amd64.drv'...
building '/nix/store/pvd29cncxvxiz2axgx8q1zg9xyp2nnl1-stream-compose-model-endpoint-arm64.drv'...
building '/nix/store/f160mxnb536vx6mm44b20jpz6njxjl16-stream-compose-model-replica-amd64.drv'...
building '/nix/store/7pzkac7bm8qbbgdlq1g3ipdhszfdsiw8-stream-compose-model-replica-arm64.drv'...
building '/nix/store/5fb5gmdw8mh4vlm2yqhlcwzq6jcpgn56-compose-inference-cluster-arm64.tar.gz.drv'...
building '/nix/store/rng1yfvv1w93c48qdpy4bzr1kgnz9lic-stream-compose-model-route-amd64.drv'...
building '/nix/store/l0f8pgynz6ihypklcqjzmrrg56iy7sm1-stream-compose-model-route-arm64.drv'...
building '/nix/store/7akg3id0x17y8p3041py3wk16ri3fpqm-stream-compose-model-service-amd64.drv'...
building '/nix/store/iqdi1bvy4gkgz13id9n3ai002dk086mh-stream-compose-model-service-arm64.drv'...
building '/nix/store/vfcprdp8skkx6ylp7n1xk0zvap55aa8x-stream-compose-nebius-cluster-amd64.drv'...
building '/nix/store/g9sff7iakxsdybglyd1sgv9z6x91h1db-compose-model-deployment-amd64.tar.gz.drv'...
building '/nix/store/7zsb36cj2ykmwvm0rc7yikp4jr542711-compose-model-deployment-arm64.tar.gz.drv'...
building '/nix/store/04f3zf960jls5vm9pfy4d37kay3fk2cb-compose-model-endpoint-amd64.tar.gz.drv'...
building '/nix/store/bx983gvr46wapqy9l8m4xdjkr4ir4h0n-compose-model-endpoint-arm64.tar.gz.drv'...
building '/nix/store/g60kx5qxx32zxzd8f062z3h8k4ayylrx-compose-model-replica-amd64.tar.gz.drv'...
building '/nix/store/5yid92nmkx56a3krdmkqzd112w46rhb9-compose-model-replica-arm64.tar.gz.drv'...
building '/nix/store/n39bc13fh03vfwrc2dnpiwpgh3avdk5x-compose-model-route-amd64.tar.gz.drv'...
building '/nix/store/s224r8q62rk0jk4fgc0b837mf1432x37-compose-model-route-arm64.tar.gz.drv'...
building '/nix/store/1mndag9jhsi6dfdbl1n74nmgc2ppc49f-compose-model-service-amd64.tar.gz.drv'...
building '/nix/store/x2h3giyzjcn9bw74qds2yixy5s1nk2w6-compose-model-service-arm64.tar.gz.drv'...
building '/nix/store/9jmyppabs9ifqjkzl5xdjj56vqkdwz0s-compose-nebius-cluster-amd64.tar.gz.drv'...
building '/nix/store/p23wp202hsdrnfmby1bbhks4x9n05c67-stream-compose-nebius-cluster-arm64.drv'...
building '/nix/store/563xj8bp0gdxcj99cxw7xgwh7xf193pc-stream-compose-serving-stack-amd64.drv'...
building '/nix/store/5slpm3k7ryz0yirilxhq4hra804r2v43-stream-compose-serving-stack-arm64.drv'...
building '/nix/store/r06576z5ylamn1k9p735bm7m0px9x5d1-compose-nebius-cluster-arm64.tar.gz.drv'...
building '/nix/store/ad0cpicr0z0lp2ha3iyd3iijhx2m5yzk-stream-compose-usages-amd64.drv'...
building '/nix/store/j9rk6mydzp1g1lqjlv6xlkcfgxbgvla2-compose-serving-stack-amd64.tar.gz.drv'...
building '/nix/store/fkqi5fqgpqyypc1cxjbb4abr3lmxrd74-stream-compose-usages-arm64.drv'...
building '/nix/store/2gzz7820jl6wkf0590qmprp714zf6qyi-compose-serving-stack-arm64.tar.gz.drv'...
building '/nix/store/kldzfwzgsaq1cxakiaj6kwq95qvamw5l-stream-compose-vultr-cluster-amd64.drv'...
building '/nix/store/3ay0i493ibng5qpsmna9kzf97bbpai6p-compose-usages-amd64.tar.gz.drv'...
building '/nix/store/2428d4vxh75imzhvzibbf79q3sfrhphb-compose-usages-arm64.tar.gz.drv'...
building '/nix/store/72pw331xxg6ck7krqcnz8b8w26sxzipg-compose-vultr-cluster-amd64.tar.gz.drv'...
building '/nix/store/rn22sx23zyi2g5cxyl7n36a1h3vjbfg3-stream-compose-vultr-cluster-arm64.drv'...
building '/nix/store/xvqd1whzmxd8jal806sg95rcicfvwd86-compose-vultr-cluster-arm64.tar.gz.drv'...
building '/nix/store/a3yznzpyb9ddycj0588rgm0hi9q95sqf-modelplane-functions.drv'...
building '/nix/store/2xwlr9dn6jafq1d6x9wc784lggnhysif-modelplane-e2e.drv'...
Local dev control plane "modelplane-e2e-local" has been torn down.
Deleting cluster "modelplane-e2e-local" ...
Deleting cluster "modelplane-e2e-workload" ...
Deleted nodes: ["modelplane-e2e-workload-control-plane"]
